{
  "case": "Basic",
  "expected": [
    {
      "root": "value",
      "values": {
        "id": "12",
        "user_id": "6",
        "name": "灰太狼",
        "head_img": "/attach/image/object/201708/16/20170816113200_36042.jpg",
        "signature": "别看爷只是一只狼，狼儿的聪明难以想象",
        "sex": 1,
        "birth": "1997-08-16T12:05:11+08:00",
        "education": 5,
        "id_code": "33252619790319133X",
        "h_province": 5,
        "h_city": 62,
        "h_district": 692,
        "l_province": 14,
        "l_city": 165,
        "l_district": 1483,
        "healthy": 5,
        "work_life": 5,
        "marriage": 1,
        "current": 1,
        "lang": 5,
        "leve": 1,
        "lang1": 11,
        "leve1": 3,
        "tel": "0105321123",
        "phone": "18612819427",
        "email": "sam.hou@microfastup.com",
        "qq": "2728740240",
      }
    },
    {
      "root": "",
      "values": {
        "status": "1",
        "msg": "success"
      }
    }
  ]
}