{
  "case": "Basic",
  "expected": [
    {
      "root": "value",
      "values": {
        "id": "12",
        "user_id": "6",
        "name": "灰太狼",
        "head_img": "/attach/image/object/201708/29/20170829143116_39939.png",
        "signature": "嗷呜嗷呜嗷呜~",
        "sex": 2,
        "birth": "1988-08-16T12:05:11+08:00",
        "education": 4,
        "id_code": "62262419811105400X",
        "h_province": 4,
        "h_city": 55,
        "h_district": 606,
        "l_province": 13,
        "l_city": 157,
        "l_district": 1426,
        "healthy": 4,
        "work_life": 4,
        "marriage": 4,
        "current": 2,
        "lang": 4,
        "leve": 4,
        "lang1": 10,
        "leve1": 2,
        "tel": "0105321123",
        "phone": "18612819427",
        "email": "sam.hou@microfastup.com",
        "qq": "2728740240",
      }
    },
    {
      "root": "",
      "values": {
        "status": "1",
        "msg": "success"
      }
    }
  ]
}