{
  "case": "Basic",
  "expected": [
    {
      "root": "value",
      "values": {
        "id": "12",
        "user_id": "6",
        "name": "大王灰太狼",
        "head_img": "/attach/image/object/201708/29/20170829143116_39939.png",
        "signature": "嗷呜嗷呜嗷呜~",
        "sex": 2,
        "birth": "1988-08-16T12:05:11+08:00",
        "education": 2,
        "id_code": "460001199605186884",
        "h_province": 2,
        "h_city": 37,
        "h_district": 411,
        "l_province": 11,
        "l_city": 124,
        "l_district": 1174,
        "healthy": 2,
        "work_life": 2,
        "marriage": 2,
        "current": 2,
        "lang": 2,
        "leve": 2,
        "lang1": 8,
        "leve1": 4,
        "tel": "0105321123",
        "phone": "18612819427",
        "email": "sam.hou@microfastup.com",
        "qq": "2728740240",
      }
    },
    {
      "root": "",
      "values": {
        "status": "1",
        "msg": "success"
      }
    }
  ]
}