{
  "case": "Basic",
  "expected": [
    {
      "root": "value",
      "values": {
        "id": "12",
        "user_id": "6",
        "name": "灰太狼",
        "head_img": "/attach/image/object/201708/16/20170816113200_36042.jpg",
        "signature": "",
        "sex": 1,
        "birth": "1997-08-16T12:05:11+08:00",
        "education": 2,
        "major": null,
        "majors": null,
        "id_code": "130722199708170000",
        "h_address": "",
        "h_province": 1,
        "h_city": 35,
        "h_district": 382,
        "l_province": 3,
        "l_city": 41,
        "l_district": 437,
        "healthy": 1,
        "work_life": 1,
        "marriage": 1,
        "current": 2,
        "lang": 3,
        "leve": 3,
        "lang1": 5,
        "leve1": 1,
        "it": null,
        "tel": "0105321123",
        "phone": "18612819427",
        "email": "",
        "qq": "2728740240",
        "homepage": "",
        "status": "1",
        "create_time": "1502854095"
      }
    },
    {
      "root": "",
      "values": {
        "status": "1",
        "msg": "success"
      }
    }
  ]
}