{
  "case": "base1",
  "expected": [
    {
      "root": "value",
      "values": {
        "name": "微迅工业大学",
        "end_time": "2013-08-29T15:50:56+08:00",
        "magor": "25",
        "magors": 212,
        "education": "9",
        "is_deleted": "0"
      }
    }
  ]
}