{
  "case": "base1",
  "expected": [
    {
      "root": "value",
      "values": {
        "name": "微迅农业大学",
        "end_time": "2007-08-29T15:50:56+08:00",
        "magor": "12",
        "magors": 137,
        "education": "5",
        "is_deleted": "0"
      }
    }
  ]
}