{
  "case": "base1",
  "expected": [
    {
      "root": "value",
      "values": {
        "name": "微迅科技大学",
      }
    }
  ]
}