{
  "case": "addIntention",
  "expected": [
    {
      "root": "",
      "values": {
        "msg": "success"
      }
    }
  ]
}