{
  "case": "",
  "expected": [
    {
      "root": "value",
      "values": {
        "name": "北京微迅联创科技有限公司",
        "position_des": "负责本公司互联网金融产品的需求分析与产品规划；",
        "des": "岗位职责：\n1、负责本公司互联网金融产品的需求分析与产品规划；\n2、负责本公司交易收单、核心清算、运营支撑、账务会计等系统的优化与升级；\n3、负责本公司的软件产品设计、开发和项目管理；\n4、负责与客户和银行沟通、协调。"
      }
    }
  ]
}