{
  "case": "",
  "expected": [
    {
      "root": "value",
      "values": {}
    },
    {
      "root": "value",
      "values": {}
    }
  ]
}