{
  "case": "train_base9",
  "expected": [
    {
      "root": "value",
      "values": {
        "name": "道地Edu",
        "start_time": "2017-08-31T15:37:22+08:00",
        "end_time": "2017-08-31T15:37:22+08:00",
        "curriculum": "hr",
        "education": "9",
      }
    }
  ]
}