{
  "case": "train_base7",
  "expected": [
    {
      "root": "value",
      "values": {
        "name": "企飞Edu-123",
        "start_time": "2017-08-31T15:37:22+08:00",
        "end_time": "2017-08-31T15:37:22+08:00",
        "curriculum": "coo",
        "education": "7",
      }
    }
  ]
}