{
  "case": "train_base2",
  "expected": [
    {
      "root": "value",
      "values": {
        "name": "微迅学习",
        "start_time": "2017-08-31T15:37:22+08:00",
        "end_time": "2017-08-31T15:37:22+08:00",
        "curriculum": "测试",
        "education": "2",
      }
    }
  ]
}