{
  "case": "train_base5",
  "expected": [
    {
      "root": "value",
      "values": {
        "name": "MicrofastupEdu",
        "start_time": "2017-08-31T15:37:22+08:00",
        "end_time": "2017-08-31T15:37:22+08:00",
        "curriculum": "ceo",
        "education": "5",
      }
    }
  ]
}