{
  "case": "train_base4",
  "expected": [
    {
      "root": "value",
      "values": {
        "name": "微迅学习教育",
        "start_time": "2017-08-31T15:37:22+08:00",
        "end_time": "2017-08-31T15:37:22+08:00",
        "curriculum": "市场",
        "education": "4",
      }
    }
  ]
}