{
  "case": "train_base3",
  "expected": [
    {
      "root": "value",
      "values": {
        "name": "微迅教育学习",
        "start_time": "2017-08-31T15:37:22+08:00",
        "end_time": "2017-08-31T15:37:22+08:00",
        "curriculum": "产品",
        "education": "3",
      }
    }
  ]
}